=== RUN   Test_main
    parser_test.go:124: Query: Address.Street = '123 Main St' AND Address.Zip = '12345'
    parser_test.go:134:   - {ID:1 Name:Alice Email:alice@example.com IsActive:true Age:30 Balance:100.5 Address:{Street:123 Main St City:Anytown Zip:12345} Contact:0xc000096560 Interests:[]}
    parser_test.go:137: ---
    parser_test.go:124: Query: Name != 'Charlie' AND Age < 30
    parser_test.go:131: expected 2 but got 4
--- FAIL: Test_main (0.00s)
=== RUN   Test_parser_product
    parser_test.go:184: Product Query: Price > 10
    parser_test.go:184: Product Query: InStock = true
    parser_test.go:184: Product Query: Category.Name = 'Gadgets'
    parser_test.go:184: Product Query: SKU = 'C3' AND InStock = true
    parser_test.go:184: Product Query: Category.ID = 20
    parser_test.go:184: Product Query: Name != 'Gizmo'
--- PASS: Test_parser_product (0.00s)
=== RUN   Test_parser_order
    parser_test.go:219: Order Query: Completed = true
    parser_test.go:219: Order Query: Product.Name = 'Gizmo'
    parser_test.go:219: Order Query: Quantity > 1 AND Completed = true
    parser_test.go:219: Order Query: Product.Category.Name = 'Gadgets' AND Total > 50
    parser_test.go:225: expected 1 but got 3
--- FAIL: Test_parser_order (0.00s)
=== RUN   Test_parser_slice_fields
    parser_test.go:270: BlogPost Query: Tags.Name = 'go'
    parser_test.go:270: BlogPost Query: Tags.Value = 'lang'
    parser_test.go:270: BlogPost Query: Tags.Name = 'music'
    parser_test.go:270: BlogPost Query: Authors = 'Alice'
    parser_test.go:270: BlogPost Query: Authors = 'Eve'
    parser_test.go:270: BlogPost Query: Tags.Name = 'reflection' AND Authors = 'Bob'
    parser_test.go:270: BlogPost Query: Tags.Name = 'notfound'
    parser_test.go:270: BlogPost Query: Authors CONTAINS 'Alice'
    parser_test.go:270: BlogPost Query: Authors CONTAINS 'Eve'
    parser_test.go:270: BlogPost Query: Tags.Name CONTAINS 'reflection' AND Authors CONTAINS 'Bob'
--- PASS: Test_parser_slice_fields (0.00s)
FAIL
exit status 1
FAIL	github.com/zveinn/parser	0.174s
